date: invalid argument 's' for -I
[] starting kubectl port-forward svc/paxo-frontend 4200:80
Forwarding from 127.0.0.1:4200 -> 80
Forwarding from [::1]:4200 -> 80
Handling connection for 4200
Handling connection for 4200
Handling connection for 4200
Handling connection for 4200
Handling connection for 4200
Handling connection for 4200
Handling connection for 4200
Handling connection for 4200
Handling connection for 4200
Handling connection for 4200
Handling connection for 4200
Handling connection for 4200
Handling connection for 4200
Handling connection for 4200
Handling connection for 4200
Handling connection for 4200
Handling connection for 4200
Handling connection for 4200
Handling connection for 4200
Handling connection for 4200
Handling connection for 4200
Handling connection for 4200
E0528 17:53:37.211886   28649 portforward.go:404] "Unhandled Error" err="error copying from local connection to remote stream: writeto tcp6 [::1]:4200->[::1]:59805: read tcp6 [::1]:4200->[::1]:59805: read: connection reset by peer"
Handling connection for 4200
Handling connection for 4200
